Microchip MPLAB XC8 Compiler V2.36

Linker command line:

-W-3 --edf=C:\Program Files\Microchip\xc8\v2.36\pic\dat\en_msgs.txt -cn \
  -h+dist/default/production\secuencia.X.production.sym \
  --cmf=dist/default/production\secuencia.X.production.cmf -z -Q16F887 \
  -oC:\Users\migue\AppData\Local\Temp\xcAs2js.4 --defsym=__MPLAB_BUILD=1 \
  -Mdist/default/production/secuencia.X.production.map \
  --md=C:\Users\migue\AppData\Local\Temp\xcAs2js.dat -E1 -ver=XC8 Compiler \
  --acfsm=1493 -ACODE=00h-07FFhx4 -ASTRCODE=00h-01FFFh -ASTRING=00h-0FFhx32 \
  -ACONST=00h-0FFhx32 -AENTRY=00h-0FFhx32 -ACOMMON=070h-07Fh \
  -ABANK0=020h-06Fh -ABANK1=0A0h-0EFh -ABANK2=0110h-016Fh \
  -ABANK3=0190h-01EFh -ARAM=020h-06Fh,0A0h-0EFh,0110h-016Fh,0190h-01EFh \
  -AABS1=020h-07Fh,0A0h-0EFh,0110h-016Fh,0190h-01EFh -ASFR0=00h-01Fh \
  -ASFR1=080h-09Fh -ASFR2=0100h-010Fh -ASFR3=0180h-018Fh \
  -ACONFIG=02007h-02008h -DCONFIG=2 -AIDLOC=02000h-02003h -DIDLOC=2 \
  -AEEDATA=00h-0FFh/02100h -peeprom_data=EEDATA -DEEDATA=2 -DCODE=2 \
  -DSTRCODE=2 -DSTRING=2 -DCONST=2 -DENTRY=2 \
  -preset_vec=00h,intentry,init,end_init -ppowerup=CODE -pcinit=CODE \
  -pfunctab=ENTRY -k C:\Users\migue\AppData\Local\Temp\xcAs2js.o \
  dist/default/production\secuencia.X.production.o 

Object code version is 3.11

Machine type is 16F887



                Name                               Link     Load   Length Selector   Space Scale
C:\Users\migue\AppData\Local\Temp\xcAs2js.o
                end_init                              0        0        3        0       0
                config                             2007     2007        2        0       4
                idloc                              2000     2000        4        0       5
dist/default/production\secuencia.X.production.o
                cinit                               7DE      7DE       22      FBC       0
                config                             2007     2007        2        0       4
                idloc                              2000     2000        4        0       5
                text5                               41F      41F       B2      83E       0
                text4                               63A      63A       C6      C74       0
                text3                               4D1      4D1       B3      9A2       0
                text2                               700      700       DE      E00       0
                text1                               584      584       B6      B08       0
                maintext                            3BA      3BA       65      774       0
                cstackCOMMON                         70       70        D       70       1
                dataBANK0                            20       20        4       20       1
                dataCOMMON                           7D       7D        1       70       1
                idataBANK0                          3B6      3B6        4      76C       0
                idataCOMMON                         3B5      3B5        1      76A       0

TOTAL           Name                               Link     Load   Length     Space
        CLASS   CODE           
                end_init                              0        0        3         0
                cinit                               7DE      7DE       22         0
                text5                               41F      41F       B2         0
                text4                               63A      63A       C6         0
                text3                               4D1      4D1       B3         0
                text2                               700      700       DE         0
                text1                               584      584       B6         0
                maintext                            3BA      3BA       65         0
                idataBANK0                          3B6      3B6        4         0
                idataCOMMON                         3B5      3B5        1         0

        CLASS   STRCODE        

        CLASS   STRING         

        CLASS   CONST          

        CLASS   ENTRY          

        CLASS   COMMON         
                cstackCOMMON                         70       70        D         1
                dataCOMMON                           7D       7D        1         1

        CLASS   BANK0          
                dataBANK0                            20       20        4         1

        CLASS   BANK1          

        CLASS   BANK2          

        CLASS   BANK3          

        CLASS   RAM            

        CLASS   ABS1           
                abs_s1                               7E       7E        2         1

        CLASS   SFR0           

        CLASS   SFR1           

        CLASS   SFR2           

        CLASS   SFR3           

        CLASS   CONFIG         
                config                             2007     2007        2         4

        CLASS   IDLOC          
                idloc                              2000     2000        4         5

        CLASS   EEDATA         

        CLASS   STACK          



SEGMENTS        Name                           Load    Length   Top    Selector   Space  Class     Delta

                reset_vec                      000000  000003  000003         0       0  CODE        2
                dataBANK0                      000020  000004  000024        20       1  BANK0       1
                cstackCOMMON                   000070  00000E  00007E        70       1  COMMON      1
                idataCOMMON                    0003B5  000001  0003B6       76A       0  CODE        2
                idataBANK0                     0003B6  000004  0003BA       76C       0  CODE        2
                maintext                       0003BA  000065  00041F       774       0  CODE        2
                text5                          00041F  0000B2  0004D1       83E       0  CODE        2
                text3                          0004D1  0000B3  000584       9A2       0  CODE        2
                text1                          000584  0000B6  00063A       B08       0  CODE        2
                text4                          00063A  0000C6  000700       C74       0  CODE        2
                text2                          000700  0000DE  0007DE       E00       0  CODE        2
                cinit                          0007DE  000022  000800       FBC       0  CODE        2


UNUSED ADDRESS RANGES

        Name                Unused          Largest block    Delta
        BANK0            0024-006F             4C           1
        BANK1            00A0-00EF             50           1
        BANK2            0110-016F             60           1
        BANK3            0190-01EF             60           1
        CODE             0003-03B4            3B2           2
                         0800-1FFF            800
        CONST            0003-03B4            100           2
                         0800-1FFF            100
        EEDATA           2100-21FF            100           2
        ENTRY            0003-03B4            100           2
                         0800-1FFF            100
        RAM              0024-006F             4C           1
                         00A0-00EF             50
                         0110-016F             60
                         0190-01EF             60
        SFR0             0000-001F             20           1
        SFR1             0080-009F             20           1
        SFR2             0100-010F             10           1
        SFR3             0180-018F             10           1
        STRCODE          0003-03B4            3B2           2
                         0800-1FFF           1800
        STRING           0003-03B4            100           2
                         0800-1FFF            100

                                  Symbol Table

_OPTION_REGbits             (abs)        0081
_OSCCON                     (abs)        008F
_PORTBbits                  (abs)        0006
_PORTD                      (abs)        0008
_TRISBbits                  (abs)        0086
_TRISD                      (abs)        0088
_WPUBbits                   (abs)        0095
__Habs1                     abs1         0000
__Hbank0                    bank0        0000
__Hbank1                    bank1        0000
__Hbank2                    bank2        0000
__Hbank3                    bank3        0000
__Hcinit                    cinit        0800
__Hclrtext                  clrtext      0000
__Hcode                     code         0000
__Hcommon                   common       0000
__Hconfig                   config       2009
__HcstackCOMMON             cstackCOMMON 0000
__HdataBANK0                dataBANK0    0000
__HdataCOMMON               dataCOMMON   0000
__Heeprom_data              eeprom_data  0000
__Hend_init                 end_init     0003
__Hfunctab                  functab      0000
__HidataBANK0               idataBANK0   0000
__HidataCOMMON              idataCOMMON  0000
__Hidloc                    idloc        2004
__Hinit                     init         0000
__Hintentry                 intentry     0000
__Hmaintext                 maintext     0000
__Hpowerup                  powerup      0000
__Hram                      ram          0000
__Hreset_vec                reset_vec    0000
__Hsfr0                     sfr0         0000
__Hsfr1                     sfr1         0000
__Hsfr2                     sfr2         0000
__Hsfr3                     sfr3         0000
__Hspace_0                  (abs)        0800
__Hspace_1                  (abs)        007E
__Hspace_2                  (abs)        0000
__Hspace_3                  (abs)        0000
__Hspace_4                  (abs)        4010
__Hstack                    stack        0000
__Hstrings                  strings      0000
__Htext                     text         0000
__Labs1                     abs1         0000
__Lbank0                    bank0        0000
__Lbank1                    bank1        0000
__Lbank2                    bank2        0000
__Lbank3                    bank3        0000
__Lcinit                    cinit        07DE
__Lclrtext                  clrtext      0000
__Lcode                     code         0000
__Lcommon                   common       0000
__Lconfig                   config       0000
__LcstackCOMMON             cstackCOMMON 0000
__LdataBANK0                dataBANK0    0000
__LdataCOMMON               dataCOMMON   0000
__Leeprom_data              eeprom_data  0000
__Lend_init                 end_init     0000
__Lfunctab                  functab      0000
__LidataBANK0               idataBANK0   0000
__LidataCOMMON              idataCOMMON  0000
__Lidloc                    idloc        0000
__Linit                     init         0000
__Lintentry                 intentry     0000
__Lmaintext                 maintext     0000
__Lpowerup                  powerup      0000
__Lram                      ram          0000
__Lreset_vec                reset_vec    0000
__Lsfr0                     sfr0         0000
__Lsfr1                     sfr1         0000
__Lsfr2                     sfr2         0000
__Lsfr3                     sfr3         0000
__Lspace_0                  (abs)        0000
__Lspace_1                  (abs)        0000
__Lspace_2                  (abs)        0000
__Lspace_3                  (abs)        0000
__Lspace_4                  (abs)        0000
__Lstack                    stack        0000
__Lstrings                  strings      0000
__Ltext                     text         0000
__S0                        (abs)        0800
__S1                        (abs)        007E
__S3                        (abs)        0000
___int_sp                   stack        0000
___latbits                  (abs)        0002
___sp                       stack        0000
___stackhi                  (abs)        0000
___stacklo                  (abs)        0000
__end_of__initialization    cinit        07FC
__end_of_main               maintext     041F
__end_of_secuencial_Efecto1 text5        04D1
__end_of_secuencial_Efecto2 text4        0700
__end_of_secuencial_Efecto3 text3        0584
__end_of_secuencial_Efecto4 text2        07DE
__end_of_secuencial_Efecto5 text1        063A
__initialization            cinit        07DE
__pcstackCOMMON             cstackCOMMON 0070
__pdataBANK0                dataBANK0    0020
__pdataCOMMON               dataCOMMON   007D
__pidataBANK0               idataBANK0   03B6
__pidataCOMMON              idataCOMMON  03B5
__pmaintext                 maintext     03BA
__ptext1                    text1        0584
__ptext2                    text2        0700
__ptext3                    text3        04D1
__ptext4                    text4        063A
__ptext5                    text5        041F
_efecto                     dataCOMMON   007D
_main                       maintext     03BA
_secuencial_Efecto1         text5        041F
_secuencial_Efecto2         text4        063A
_secuencial_Efecto3         text3        04D1
_secuencial_Efecto4         text2        0700
_secuencial_Efecto5         text1        0584
_velocidad                  dataBANK0    0020
btemp                       (abs)        007E
end_of_initialization       cinit        07FC
intlevel0                   functab      0000
intlevel1                   functab      0000
intlevel2                   functab      0000
intlevel3                   functab      0000
intlevel4                   functab      0000
intlevel5                   functab      0000
reset_vec                   reset_vec    0000
secuencial_Efecto1@i        cstackCOMMON 0073
secuencial_Efecto2@i        cstackCOMMON 0075
secuencial_Efecto2@j        cstackCOMMON 0073
secuencial_Efecto3@i        cstackCOMMON 0073
secuencial_Efecto4@i        cstackCOMMON 0075
secuencial_Efecto4@m        cstackCOMMON 0077
secuencial_Efecto4@n        cstackCOMMON 0079
secuencial_Efecto5@i        cstackCOMMON 0073
start                       init         0000
start_initialization        cinit        07DE
wtemp0                      (abs)        007E


MODULE INFORMATION

Module		Function		Class		Link	Load	Size
shared
		__initialization		CODE           	07DE	0000	30

shared estimated size: 30

secuencia.c
		_main          		CODE           	03BA	0000	101
		_secuencial_Efecto1		CODE           	041F	0000	178
		_secuencial_Efecto2		CODE           	063A	0000	198
		_secuencial_Efecto3		CODE           	04D1	0000	179
		_secuencial_Efecto4		CODE           	0700	0000	222
		_secuencial_Efecto5		CODE           	0584	0000	182

secuencia.c estimated size: 1060

