Microchip MPLAB XC8 Compiler V2.36

Linker command line:

-W-3 --edf=C:\Program Files\Microchip\xc8\v2.36\pic\dat\en_msgs.txt -cn \
  -h+dist/default/production\sistemaDomotico.X.production.sym \
  --cmf=dist/default/production\sistemaDomotico.X.production.cmf -z \
  -Q16F887 -oC:\Users\USUARI~1\AppData\Local\Temp\xcAs8mo.4 \
  --defsym=__MPLAB_BUILD=1 \
  -Mdist/default/production/sistemaDomotico.X.production.map \
  --md=C:\Users\USUARI~1\AppData\Local\Temp\xcAs8mo.dat -E1 \
  -ver=XC8 Compiler --acfsm=1493 -ACODE=00h-07FFhx4 -ASTRCODE=00h-01FFFh \
  -ASTRING=00h-0FFhx32 -ACONST=00h-0FFhx32 -AENTRY=00h-0FFhx32 \
  -ACOMMON=070h-07Fh -ABANK0=020h-06Fh -ABANK1=0A0h-0EFh \
  -ABANK2=0110h-016Fh -ABANK3=0190h-01EFh \
  -ARAM=020h-06Fh,0A0h-0EFh,0110h-016Fh,0190h-01EFh \
  -AABS1=020h-07Fh,0A0h-0EFh,0110h-016Fh,0190h-01EFh -ASFR0=00h-01Fh \
  -ASFR1=080h-09Fh -ASFR2=0100h-010Fh -ASFR3=0180h-018Fh \
  -ACONFIG=02007h-02008h -DCONFIG=2 -AIDLOC=02000h-02003h -DIDLOC=2 \
  -AEEDATA=00h-0FFh/02100h -peeprom_data=EEDATA -DEEDATA=2 -DCODE=2 \
  -DSTRCODE=2 -DSTRING=2 -DCONST=2 -DENTRY=2 \
  -preset_vec=00h,intentry,init,end_init -ppowerup=CODE -pcinit=CODE \
  -pfunctab=ENTRY -k C:\Users\USUARI~1\AppData\Local\Temp\xcAs8mo.o \
  dist/default/production\sistemaDomotico.X.production.o 

Object code version is 3.11

Machine type is 16F887



                Name                               Link     Load   Length Selector   Space Scale
C:\Users\USUARI~1\AppData\Local\Temp\xcAs8mo.o
                end_init                              0        0        3        0       0
                config                             2007     2007        2        0       4
                idloc                              2000     2000        4        0       5
dist/default/production\sistemaDomotico.X.production.o
                cinit                               7D4      7D4       2C      FA8       0
                config                             2007     2007        2        0       4
                idloc                              2000     2000        4        0       5
                text34                             15E1     15E1       1A     2BC2       0
                text33                             1702     1702       36     2E04       0
                text32                             159C     159C       10     2B38       0
                text31                             1680     1680       2A     2D00       0
                text30                             1738     1738       36     2E70       0
                text29                             1633     1633       26     2C66       0
                text28                             16AA     16AA       2C     2D54       0
                text27                             15BC     15BC       12     2B78       0
                text26                             15FB     15FB       1C     2BF6       0
                text25                             1617     1617       1C     2C2E       0
                text24                                E        E      1DD       1C       0
                text23                              8F3      8F3       7A     11E6       0
                text22                             1574     1574        5     2AE8       0
                text21                             1579     1579        5     2AF2       0
                text20                             158F     158F        D     2B1E       0
                text19                             157E     157E        5     2AFC       0
                text18                              858      858        5     10B0       0
                text17                             16D6     16D6       2C     2DAC       0
                text16                             1583     1583        C     2B06       0
                text15                              96D      96D       A2     12DA       0
                text14                              A0F      A0F       BA     141E       0
                text13                              1EB      1EB      288      3D6       0
                text12                             1659     1659       27     2CB2       0
                text11                              473      473      361      8E6       0
                text10                              AC9      AC9       DA     1592       0
                text9                              17B2     17B2       4E     2F64       0
                text8                               897      897       5C     112E       0
                text7                               CA6      CA6      14C     194C       0
                text6                              156C     156C        4     2AD8       0
                text5                              1570     1570        4     2AE0       0
                text4                               854      854        4     10A8       0
                text3                              176E     176E       44     2EDC       0
                text2                               85D      85D       3A     10BA       0
                text1                               BA3      BA3      103     1746       0
                maintext                            DF2      DF2      20E     1BE4       0
                cstackBANK0                          20       20       4E       20       1
                cstackCOMMON                         70       70        E       70       1
                cstackBANK1                          A0       A0       36       A0       1
                clrtext                               6        6        8        C       0
                inittext                           15CE     15CE       13     2B9C       0
                dataBANK3                           190      190       10      190       1
                dataBANK1                            ED       ED        2       A0       1
                bssBANK1                             D6       D6       17       A0       1
                bssBANK0                             6E       6E        1       20       1
                strings                             800      800       54     1000       0
                idataBANK3                         15AC     15AC       10     2B58       0
                idataBANK1                            4        4        2        8       0

TOTAL           Name                               Link     Load   Length     Space
        CLASS   CODE           
                end_init                              0        0        3         0
                cinit                               7D4      7D4       2C         0
                text34                             15E1     15E1       1A         0
                text33                             1702     1702       36         0
                text32                             159C     159C       10         0
                text31                             1680     1680       2A         0
                text30                             1738     1738       36         0
                text29                             1633     1633       26         0
                text28                             16AA     16AA       2C         0
                text27                             15BC     15BC       12         0
                text26                             15FB     15FB       1C         0
                text25                             1617     1617       1C         0
                text24                                E        E      1DD         0
                text23                              8F3      8F3       7A         0
                text22                             1574     1574        5         0
                text21                             1579     1579        5         0
                text20                             158F     158F        D         0
                text19                             157E     157E        5         0
                text18                              858      858        5         0
                text17                             16D6     16D6       2C         0
                text16                             1583     1583        C         0
                text15                              96D      96D       A2         0
                text14                              A0F      A0F       BA         0
                text13                              1EB      1EB      288         0
                text12                             1659     1659       27         0
                text11                              473      473      361         0
                text10                              AC9      AC9       DA         0
                text9                              17B2     17B2       4E         0
                text8                               897      897       5C         0
                text7                               CA6      CA6      14C         0
                text6                              156C     156C        4         0
                text5                              1570     1570        4         0
                text4                               854      854        4         0
                text3                              176E     176E       44         0
                text2                               85D      85D       3A         0
                text1                               BA3      BA3      103         0
                maintext                            DF2      DF2      20E         0
                clrtext                               6        6        8         0
                inittext                           15CE     15CE       13         0
                idataBANK3                         15AC     15AC       10         0
                idataBANK1                            4        4        2         0

        CLASS   STRCODE        

        CLASS   STRING         
                strings                             800      800       54         0

        CLASS   CONST          

        CLASS   ENTRY          

        CLASS   COMMON         
                cstackCOMMON                         70       70        E         1

        CLASS   BANK0          
                cstackBANK0                          20       20       4E         1
                bssBANK0                             6E       6E        1         1

        CLASS   BANK1          
                cstackBANK1                          A0       A0       36         1
                dataBANK1                            ED       ED        2         1
                bssBANK1                             D6       D6       17         1

        CLASS   BANK2          

        CLASS   BANK3          
                dataBANK3                           190      190       10         1

        CLASS   RAM            

        CLASS   ABS1           
                abs_s1                               7E       7E        2         1

        CLASS   SFR0           

        CLASS   SFR1           

        CLASS   SFR2           

        CLASS   SFR3           

        CLASS   CONFIG         
                config                             2007     2007        2         4

        CLASS   IDLOC          
                idloc                              2000     2000        4         5

        CLASS   EEDATA         

        CLASS   STACK          



SEGMENTS        Name                           Load    Length   Top    Selector   Space  Class     Delta

                reset_vec                      000000  000003  000003         0       0  CODE        2
                idataBANK1                     000004  000002  000006         8       0  CODE        2
                clrtext                        000006  000008  00000E         C       0  CODE        2
                text24                         00000E  0001DD  0001EB        1C       0  CODE        2
                cstackBANK0                    000020  00004F  00006F        20       1  BANK0       1
                cstackCOMMON                   000070  00000E  00007E        70       1  COMMON      1
                cstackBANK1                    0000A0  00004F  0000EF        A0       1  BANK1       1
                dataBANK3                      000190  000010  0001A0       190       1  BANK3       1
                text13                         0001EB  000288  000473       3D6       0  CODE        2
                text11                         000473  000361  0007D4       8E6       0  CODE        2
                cinit                          0007D4  00002C  000800       FA8       0  CODE        2
                strings                        000800  000054  000854      1000       0  STRING      2
                text4                          000854  000004  000858      10A8       0  CODE        2
                text18                         000858  000005  00085D      10B0       0  CODE        2
                text2                          00085D  00003A  000897      10BA       0  CODE        2
                text8                          000897  00005C  0008F3      112E       0  CODE        2
                text23                         0008F3  00007A  00096D      11E6       0  CODE        2
                text15                         00096D  0000A2  000A0F      12DA       0  CODE        2
                text14                         000A0F  0000BA  000AC9      141E       0  CODE        2
                text10                         000AC9  0000DA  000BA3      1592       0  CODE        2
                text1                          000BA3  000103  000CA6      1746       0  CODE        2
                text7                          000CA6  00014C  000DF2      194C       0  CODE        2
                maintext                       000DF2  00020E  001000      1BE4       0  CODE        2
                text6                          00156C  000004  001570      2AD8       0  CODE        2
                text5                          001570  000004  001574      2AE0       0  CODE        2
                text22                         001574  000005  001579      2AE8       0  CODE        2
                text21                         001579  000005  00157E      2AF2       0  CODE        2
                text19                         00157E  000005  001583      2AFC       0  CODE        2
                text16                         001583  00000C  00158F      2B06       0  CODE        2
                text20                         00158F  00000D  00159C      2B1E       0  CODE        2
                text32                         00159C  000010  0015AC      2B38       0  CODE        2
                idataBANK3                     0015AC  000010  0015BC      2B58       0  CODE        2
                text27                         0015BC  000012  0015CE      2B78       0  CODE        2
                inittext                       0015CE  000013  0015E1      2B9C       0  CODE        2
                text34                         0015E1  00001A  0015FB      2BC2       0  CODE        2
                text26                         0015FB  00001C  001617      2BF6       0  CODE        2
                text25                         001617  00001C  001633      2C2E       0  CODE        2
                text29                         001633  000026  001659      2C66       0  CODE        2
                text12                         001659  000027  001680      2CB2       0  CODE        2
                text31                         001680  00002A  0016AA      2D00       0  CODE        2
                text28                         0016AA  00002C  0016D6      2D54       0  CODE        2
                text17                         0016D6  00002C  001702      2DAC       0  CODE        2
                text33                         001702  000036  001738      2E04       0  CODE        2
                text30                         001738  000036  00176E      2E70       0  CODE        2
                text3                          00176E  000044  0017B2      2EDC       0  CODE        2
                text9                          0017B2  00004E  001800      2F64       0  CODE        2


UNUSED ADDRESS RANGES

        Name                Unused          Largest block    Delta
        BANK0            006F-006F              1           1
        BANK1            00EF-00EF              1           1
        BANK2            0110-016F             60           1
        BANK3            01A0-01EF             50           1
        CODE             0003-0003              1           2
                         1000-156B            56C
                         1800-1FFF            800
        CONST            0003-0003              1           2
                         1000-156B            100
                         1800-1FFF            100
        EEDATA           2100-21FF            100           2
        ENTRY            0003-0003              1           2
                         1000-156B            100
                         1800-1FFF            100
        RAM              006F-006F              1           1
                         00EF-00EF              1
                         0110-016F             60
                         01A0-01EF             50
        SFR0             0000-001F             20           1
        SFR1             0080-009F             20           1
        SFR2             0100-010F             10           1
        SFR3             0180-018F             10           1
        STRCODE          0003-0003              1           2
                         1000-156B            56C
                         1800-1FFF            800
        STRING           0003-0003              1           2
                         1000-156B            100
                         1800-1FFF            100

                                  Symbol Table

?_LeerMicrofono                cstackCOMMON 0070
?_LeerSensorFlame              cstackCOMMON 0070
?_LeerSensorProximidad         cstackCOMMON 0070
?__Umul8_16                    cstackCOMMON 0070
?___fladd                      cstackBANK0  0059
?___fldiv                      cstackBANK0  003F
?___flmul                      cstackBANK0  0025
?___fltol                      cstackCOMMON 0070
?___lwdiv                      cstackCOMMON 0070
?___lwmod                      cstackCOMMON 0078
?___xxtofl                     cstackCOMMON 0070
?_capturaTemp                  cstackCOMMON 0070
?_eval_poly                    cstackBANK1  00A0
?_frexp                        cstackBANK0  0020
?_log                          cstackBANK1  00B0
?_sprintf                      cstackBANK0  0020
LCD_Char@dat                   cstackCOMMON 0072
LCD_Command@cmd                cstackCOMMON 0072
LCD_String@msg                 cstackCOMMON 0073
LCD_String_xy@location         cstackCOMMON 0079
LCD_String_xy@msg              cstackCOMMON 0076
LCD_String_xy@pos              cstackCOMMON 0075
LCD_String_xy@row              cstackCOMMON 0078
LeerMicrofono@a                cstackCOMMON 0072
_ADCON0bits                    (abs)        001F
_ADCON1bits                    (abs)        009F
_ADC_init                      text34       15E1
_ADRESH                        (abs)        001E
_ADRESL                        (abs)        009E
_ANSEL                         (abs)        0188
_ANSELH                        (abs)        0189
_LCD_Char                      text30       1738
_LCD_Clear                     text32       159C
_LCD_Command                   text33       1702
_LCD_Init                      text31       1680
_LCD_String                    text29       1633
_LCD_String_xy                 text28       16AA
_LeerMicrofono                 text27       15BC
_LeerSensorFlame               text26       15FB
_LeerSensorProximidad          text25       1617
_OPTION_REGbits                (abs)        0081
_OSCCON                        (abs)        008F
_PORTA                         (abs)        0005
_PORTB                         (abs)        0006
_PORTCbits                     (abs)        0007
_PORTD                         (abs)        0008
_PORTDbits                     (abs)        0008
_TRISA0                        (abs)        0428
_TRISA1                        (abs)        0429
_TRISA2                        (abs)        042A
_TRISA3                        (abs)        042B
_TRISB                         (abs)        0086
_TRISC0                        (abs)        0438
_TRISC1                        (abs)        0439
_TRISC2                        (abs)        043A
_TRISC3                        (abs)        043B
_TRISC4                        (abs)        043C
_TRISC5                        (abs)        043D
_TRISC6                        (abs)        043E
_TRISD                         (abs)        0088
__Habs1                        abs1         0000
__Hbank0                       bank0        0000
__Hbank1                       bank1        0000
__Hbank2                       bank2        0000
__Hbank3                       bank3        0000
__HbssBANK0                    bssBANK0     0000
__HbssBANK1                    bssBANK1     0000
__Hcinit                       cinit        0800
__Hclrtext                     clrtext      0000
__Hcode                        code         0000
__Hcommon                      common       0000
__Hconfig                      config       2009
__HcstackBANK0                 cstackBANK0  0000
__HcstackBANK1                 cstackBANK1  0000
__HcstackCOMMON                cstackCOMMON 0000
__HdataBANK1                   dataBANK1    0000
__HdataBANK3                   dataBANK3    0000
__Heeprom_data                 eeprom_data  0000
__Hend_init                    end_init     0003
__Hfunctab                     functab      0000
__HidataBANK1                  idataBANK1   0000
__HidataBANK3                  idataBANK3   0000
__Hidloc                       idloc        2004
__Hinit                        init         0000
__Hinittext                    inittext     0000
__Hintentry                    intentry     0000
__Hmaintext                    maintext     0000
__Hpowerup                     powerup      0000
__Hram                         ram          0000
__Hreset_vec                   reset_vec    0000
__Hsfr0                        sfr0         0000
__Hsfr1                        sfr1         0000
__Hsfr2                        sfr2         0000
__Hsfr3                        sfr3         0000
__Hspace_0                     (abs)        1800
__Hspace_1                     (abs)        01A0
__Hspace_2                     (abs)        0000
__Hspace_3                     (abs)        0000
__Hspace_4                     (abs)        4010
__Hstack                       stack        0000
__Hstrings                     strings      0000
__Htext                        text         0000
__Labs1                        abs1         0000
__Lbank0                       bank0        0000
__Lbank1                       bank1        0000
__Lbank2                       bank2        0000
__Lbank3                       bank3        0000
__LbssBANK0                    bssBANK0     0000
__LbssBANK1                    bssBANK1     0000
__Lcinit                       cinit        07D4
__Lclrtext                     clrtext      0000
__Lcode                        code         0000
__Lcommon                      common       0000
__Lconfig                      config       0000
__LcstackBANK0                 cstackBANK0  0000
__LcstackBANK1                 cstackBANK1  0000
__LcstackCOMMON                cstackCOMMON 0000
__LdataBANK1                   dataBANK1    0000
__LdataBANK3                   dataBANK3    0000
__Leeprom_data                 eeprom_data  0000
__Lend_init                    end_init     0000
__Lfunctab                     functab      0000
__LidataBANK1                  idataBANK1   0000
__LidataBANK3                  idataBANK3   0000
__Lidloc                       idloc        0000
__Linit                        init         0000
__Linittext                    inittext     0000
__Lintentry                    intentry     0000
__Lmaintext                    maintext     0000
__Lpowerup                     powerup      0000
__Lram                         ram          0000
__Lreset_vec                   reset_vec    0000
__Lsfr0                        sfr0         0000
__Lsfr1                        sfr1         0000
__Lsfr2                        sfr2         0000
__Lsfr3                        sfr3         0000
__Lspace_0                     (abs)        0000
__Lspace_1                     (abs)        0000
__Lspace_2                     (abs)        0000
__Lspace_3                     (abs)        0000
__Lspace_4                     (abs)        0000
__Lstack                       stack        0000
__Lstrings                     strings      0000
__Ltext                        text         0000
__S0                           (abs)        1800
__S1                           (abs)        01A0
__S3                           (abs)        0000
__Umul8_16                     text12       1659
__Umul8_16@multiplicand        cstackCOMMON 0070
__Umul8_16@multiplier          cstackCOMMON 0078
__Umul8_16@product             cstackCOMMON 0074
__Umul8_16@word_mpld           cstackCOMMON 0076
___fladd                       text13       01EB
___fladd@a                     cstackBANK0  005D
___fladd@aexp                  cstackBANK0  006A
___fladd@b                     cstackBANK0  0059
___fladd@bexp                  cstackBANK0  006B
___fladd@grs                   cstackBANK0  006C
___fladd@signs                 cstackBANK0  0069
___fldiv                       text24       000E
___fldiv@a                     cstackBANK0  003F
___fldiv@aexp                  cstackBANK0  0058
___fldiv@b                     cstackBANK0  0043
___fldiv@bexp                  cstackBANK0  0057
___fldiv@grs                   cstackBANK0  0053
___fldiv@new_exp               cstackBANK0  0051
___fldiv@rem                   cstackBANK0  004C
___fldiv@sign                  cstackBANK0  0050
___fleq                        text9        17B2
___fleq@ff1                    cstackCOMMON 0070
___fleq@ff2                    cstackCOMMON 0074
___flge                        text15       096D
___flge@ff1                    cstackCOMMON 0070
___flge@ff2                    cstackCOMMON 0074
___flmul                       text11       0473
___flmul@a                     cstackBANK0  0029
___flmul@aexp                  cstackBANK0  0037
___flmul@b                     cstackBANK0  0025
___flmul@bexp                  cstackBANK0  0038
___flmul@grs                   cstackBANK0  0033
___flmul@prod                  cstackBANK0  0039
___flmul@sign                  cstackBANK0  0032
___flmul@temp                  cstackBANK0  003D
___fltol                       text23       08F3
___fltol@exp1                  cstackCOMMON 007A
___fltol@f1                    cstackCOMMON 0070
___fltol@sign1                 cstackCOMMON 0079
___int_sp                      stack        0000
___latbits                     (abs)        0002
___lwdiv                       text3        176E
___lwdiv@counter               cstackCOMMON 0077
___lwdiv@dividend              cstackCOMMON 0072
___lwdiv@divisor               cstackCOMMON 0070
___lwdiv@quotient              cstackCOMMON 0075
___lwmod                       text2        085D
___lwmod@counter               cstackCOMMON 007D
___lwmod@dividend              cstackCOMMON 007A
___lwmod@divisor               cstackCOMMON 0078
___sp                          stack        0000
___stackhi                     (abs)        0000
___stacklo                     (abs)        0000
___xxtofl                      text14       0A0F
___xxtofl@arg                  cstackCOMMON 007A
___xxtofl@exp                  cstackCOMMON 0079
___xxtofl@sign                 cstackCOMMON 0078
___xxtofl@val                  cstackCOMMON 0070
__end_of_ADC_init              text34       15FB
__end_of_LCD_Char              text30       176E
__end_of_LCD_Clear             text32       15AC
__end_of_LCD_Command           text33       1738
__end_of_LCD_Init              text31       16AA
__end_of_LCD_String            text29       1659
__end_of_LCD_String_xy         text28       16D6
__end_of_LeerMicrofono         text27       15CE
__end_of_LeerSensorFlame       text26       1617
__end_of_LeerSensorProximidad  text25       1633
__end_of__Umul8_16             text12       1680
__end_of___fladd               text13       0473
__end_of___fldiv               text24       01EB
__end_of___fleq                text9        1800
__end_of___flge                text15       0A0F
__end_of___flmul               text11       07D4
__end_of___fltol               text23       096D
__end_of___lwdiv               text3        17B2
__end_of___lwmod               text2        0897
__end_of___xxtofl              text14       0AC9
__end_of__initialization       cinit        07FC
__end_of__stringtab            strings      0810
__end_of_alarmaFlama           text22       1579
__end_of_alarmaSeguridad       text21       157E
__end_of_alarma_init           text20       159C
__end_of_apagarAlarma1         text19       1583
__end_of_apagarAlarma2         text18       085D
__end_of_capturaTemp           text17       1702
__end_of_dpowers               strings      081A
__end_of_eval_poly             text10       0BA3
__end_of_exitPassword          strings      0821
__end_of_frexp                 text8        08F3
__end_of_inputPassword         strings      081F
__end_of_keypad_init           text16       158F
__end_of_log                   text7        0DF2
__end_of_main                  maintext     1000
__end_of_microphone_init       text6        1570
__end_of_sensorFlame_init      text5        1574
__end_of_sensorProximidad_init text4        0858
__end_of_sprintf               text1        0CA6
__end_oflog@coeff              strings      0845
__initialization               cinit        07D4
__pbssBANK0                    bssBANK0     006E
__pbssBANK1                    bssBANK1     00D6
__pcstackBANK0                 cstackBANK0  0020
__pcstackBANK1                 cstackBANK1  00A0
__pcstackCOMMON                cstackCOMMON 0070
__pdataBANK1                   dataBANK1    00ED
__pdataBANK3                   dataBANK3    0190
__pidataBANK1                  idataBANK1   0004
__pidataBANK3                  idataBANK3   15AC
__pmaintext                    maintext     0DF2
__pstrings                     strings      0800
__ptext1                       text1        0BA3
__ptext10                      text10       0AC9
__ptext11                      text11       0473
__ptext12                      text12       1659
__ptext13                      text13       01EB
__ptext14                      text14       0A0F
__ptext15                      text15       096D
__ptext16                      text16       1583
__ptext17                      text17       16D6
__ptext18                      text18       0858
__ptext19                      text19       157E
__ptext2                       text2        085D
__ptext20                      text20       158F
__ptext21                      text21       1579
__ptext22                      text22       1574
__ptext23                      text23       08F3
__ptext24                      text24       000E
__ptext25                      text25       1617
__ptext26                      text26       15FB
__ptext27                      text27       15BC
__ptext28                      text28       16AA
__ptext29                      text29       1633
__ptext3                       text3        176E
__ptext30                      text30       1738
__ptext31                      text31       1680
__ptext32                      text32       159C
__ptext33                      text33       1702
__ptext34                      text34       15E1
__ptext4                       text4        0854
__ptext5                       text5        1570
__ptext6                       text6        156C
__ptext7                       text7        0CA6
__ptext8                       text8        0897
__ptext9                       text9        17B2
__stringbase                   strings      080F
__stringtab                    strings      0800
_alarmaFlama                   text22       1574
_alarmaSeguridad               text21       1579
_alarma_init                   text20       158F
_apagarAlarma1                 text19       157E
_apagarAlarma2                 text18       0858
_capturaTemp                   text17       16D6
_dpowers                       strings      0810
_errno                         bssBANK1     00DB
_eval_poly                     text10       0AC9
_f                             bssBANK1     00E7
_frexp                         text8        0897
_keypad_init                   text16       1583
_log                           text7        0CA6
_main                          maintext     0DF2
_main$1109                     cstackBANK1  00CA
_main$1110                     cstackBANK1  00CE
_main$1111                     cstackBANK1  00D2
_microphone_init               text6        156C
_r                             bssBANK1     00E5
_sensorFlame_init              text5        1570
_sensorProximidad_init         text4        0854
_sprintf                       text1        0BA3
_temp                          bssBANK1     00DD
_value_adc                     bssBANK1     00DF
btemp                          (abs)        007E
clear_ram0                     clrtext      0006
end_of_initialization          cinit        07FC
eval_poly@d                    cstackBANK1  00A4
eval_poly@n                    cstackBANK1  00A5
eval_poly@res                  cstackBANK1  00AC
eval_poly@x                    cstackBANK1  00A0
frexp@eptr                     cstackBANK0  0024
frexp@value                    cstackBANK0  0020
init_fetch0                    inittext     15CE
init_ram0                      inittext     15D2
intlevel0                      functab      0000
intlevel1                      functab      0000
intlevel2                      functab      0000
intlevel3                      functab      0000
intlevel4                      functab      0000
intlevel5                      functab      0000
keypad_getkey@F1296            dataBANK3    0190
log@coeff                      strings      0821
log@exponent                   cstackBANK1  00B4
log@x                          cstackBANK1  00B0
main@Temperature               cstackBANK1  00B8
main@a                         cstackBANK1  00C2
main@tempC                     cstackBANK1  00C6
reset_vec                      reset_vec    0000
sprintf@ap                     cstackBANK0  002A
sprintf@c                      cstackBANK0  002E
sprintf@f                      cstackBANK0  0020
sprintf@flag                   cstackBANK0  0028
sprintf@prec                   cstackBANK0  0029
sprintf@sp                     cstackBANK0  002D
sprintf@val                    cstackBANK0  002B
start                          init         0000
start_initialization           cinit        07D4
wtemp0                         (abs)        007E


MODULE INFORMATION

Module		Function		Class		Link	Load	Size
C:\Program Files\Microchip\xc8\v2.36\pic\sources\c90\common\doprnt.c
		_sprintf       		CODE           	0BA3	0000	259

C:\Program Files\Microchip\xc8\v2.36\pic\sources\c90\common\doprnt.c estimated size: 259

KEYPAD.c
		_keypad_init   		CODE           	1583	0000	12

KEYPAD.c estimated size: 12

C:\Program Files\Microchip\xc8\v2.36\pic\sources\c90\common\lwmod.c
		___lwmod       		CODE           	085D	0000	58

C:\Program Files\Microchip\xc8\v2.36\pic\sources\c90\common\lwmod.c estimated size: 58

C:\Program Files\Microchip\xc8\v2.36\pic\sources\c90\common\frexp.c
		_frexp         		CODE           	0897	0000	92

C:\Program Files\Microchip\xc8\v2.36\pic\sources\c90\common\frexp.c estimated size: 92

Microphone.c
		_microphone_init		CODE           	156C	0000	4
		_LeerMicrofono 		CODE           	15BC	0000	18

Microphone.c estimated size: 22

C:\Program Files\Microchip\xc8\v2.36\pic\sources\c90\common\fleq.c
		___fleq        		CODE           	17B2	0000	78

C:\Program Files\Microchip\xc8\v2.36\pic\sources\c90\common\fleq.c estimated size: 78

C:\Program Files\Microchip\xc8\v2.36\pic\sources\c90\common\lwdiv.c
		___lwdiv       		CODE           	176E	0000	68

C:\Program Files\Microchip\xc8\v2.36\pic\sources\c90\common\lwdiv.c estimated size: 68

C:\Program Files\Microchip\xc8\v2.36\pic\sources\c90\common\sprcmul.c
		___flmul       		CODE           	0473	0000	865

C:\Program Files\Microchip\xc8\v2.36\pic\sources\c90\common\sprcmul.c estimated size: 865

C:\Program Files\Microchip\xc8\v2.36\pic\sources\c90\common\fltol.c
		___fltol       		CODE           	08F3	0000	122

C:\Program Files\Microchip\xc8\v2.36\pic\sources\c90\common\fltol.c estimated size: 122

C:\Program Files\Microchip\xc8\v2.36\pic\sources\c90\common\sprcdiv.c
		___fldiv       		CODE           	000E	0000	477

C:\Program Files\Microchip\xc8\v2.36\pic\sources\c90\common\sprcdiv.c estimated size: 477

flame_sensor.c
		_LeerSensorFlame		CODE           	15FB	0000	28
		_sensorFlame_init		CODE           	1570	0000	4

flame_sensor.c estimated size: 32

shared
		__stringtab    		STRING         	0800	0000	16
		_dpowers       		STRING         	0810	0000	10
		__initialization		CODE           	07D4	0000	40
		_exitPassword  		STRING         	0000	0000	0
		_inputPassword 		STRING         	0000	0000	0
		log@coeff      		STRING         	0821	0000	36

shared estimated size: 102

ADC.c
		_capturaTemp   		CODE           	16D6	0000	44
		_ADC_init      		CODE           	15E1	0000	26

ADC.c estimated size: 70

C:\Program Files\Microchip\xc8\v2.36\pic\sources\c90\common\evalpoly.c
		_eval_poly     		CODE           	0AC9	0000	218

C:\Program Files\Microchip\xc8\v2.36\pic\sources\c90\common\evalpoly.c estimated size: 218

C:\Program Files\Microchip\xc8\v2.36\pic\sources\c90\common\xxtofl.c
		___xxtofl      		CODE           	0A0F	0000	186

C:\Program Files\Microchip\xc8\v2.36\pic\sources\c90\common\xxtofl.c estimated size: 186

alarma.c
		_alarmaSeguridad		CODE           	1579	0000	5
		_apagarAlarma1 		CODE           	157E	0000	5
		_apagarAlarma2 		CODE           	0858	0000	5
		_alarmaFlama   		CODE           	1574	0000	5
		_alarma_init   		CODE           	158F	0000	13

alarma.c estimated size: 33

obstacleAvoidanceSensor.c
		_LeerSensorProximidad		CODE           	1617	0000	28
		_sensorProximidad_init		CODE           	0854	0000	4

obstacleAvoidanceSensor.c estimated size: 32

C:\Program Files\Microchip\xc8\v2.36\pic\sources\c90\common\sprcadd.c
		___fladd       		CODE           	01EB	0000	648

C:\Program Files\Microchip\xc8\v2.36\pic\sources\c90\common\sprcadd.c estimated size: 648

main.c
		_main          		CODE           	0DF2	0000	526

main.c estimated size: 526

C:\Program Files\Microchip\xc8\v2.36\pic\sources\c90\common\flge.c
		___flge        		CODE           	096D	0000	162

C:\Program Files\Microchip\xc8\v2.36\pic\sources\c90\common\flge.c estimated size: 162

C:\Program Files\Microchip\xc8\v2.36\pic\sources\c90\common\log.c
		_log           		CODE           	0CA6	0000	332

C:\Program Files\Microchip\xc8\v2.36\pic\sources\c90\common\log.c estimated size: 332

C:\Program Files\Microchip\xc8\v2.36\pic\sources\c90\common\Umul8_16.c
		__Umul8_16     		CODE           	1659	0000	39

C:\Program Files\Microchip\xc8\v2.36\pic\sources\c90\common\Umul8_16.c estimated size: 39

LCD.c
		_LCD_String    		CODE           	1633	0000	38
		_LCD_Init      		CODE           	1680	0000	42
		_LCD_Command   		CODE           	1702	0000	54
		_LCD_String_xy 		CODE           	16AA	0000	44
		_LCD_Char      		CODE           	1738	0000	54
		_LCD_Clear     		CODE           	159C	0000	16

LCD.c estimated size: 248

