Microchip MPLAB XC8 Compiler V2.36

Linker command line:

-W-3 --edf=C:\Program Files\Microchip\xc8\v2.36\pic\dat\en_msgs.txt -cn \
  -h+dist/default/production\proyectoDomotica.X.production.sym \
  --cmf=dist/default/production\proyectoDomotica.X.production.cmf -z \
  -Q16F887 -oC:\Users\migue\AppData\Local\Temp\xcAseeo.4 \
  --defsym=__MPLAB_BUILD=1 \
  -Mdist/default/production/proyectoDomotica.X.production.map \
  --md=C:\Users\migue\AppData\Local\Temp\xcAseeo.dat -E1 -ver=XC8 Compiler \
  --acfsm=1493 -ACODE=00h-07FFhx4 -ASTRCODE=00h-01FFFh -ASTRING=00h-0FFhx32 \
  -ACONST=00h-0FFhx32 -AENTRY=00h-0FFhx32 -ACOMMON=070h-07Fh \
  -ABANK0=020h-06Fh -ABANK1=0A0h-0EFh -ABANK2=0110h-016Fh \
  -ABANK3=0190h-01EFh -ARAM=020h-06Fh,0A0h-0EFh,0110h-016Fh,0190h-01EFh \
  -AABS1=020h-07Fh,0A0h-0EFh,0110h-016Fh,0190h-01EFh -ASFR0=00h-01Fh \
  -ASFR1=080h-09Fh -ASFR2=0100h-010Fh -ASFR3=0180h-018Fh \
  -ACONFIG=02007h-02008h -DCONFIG=2 -AIDLOC=02000h-02003h -DIDLOC=2 \
  -AEEDATA=00h-0FFh/02100h -peeprom_data=EEDATA -DEEDATA=2 -DCODE=2 \
  -DSTRCODE=2 -DSTRING=2 -DCONST=2 -DENTRY=2 \
  -preset_vec=00h,intentry,init,end_init -ppowerup=CODE -pcinit=CODE \
  -pfunctab=ENTRY -k C:\Users\migue\AppData\Local\Temp\xcAseeo.o \
  dist/default/production\proyectoDomotica.X.production.o 

Object code version is 3.11

Machine type is 16F887



                Name                               Link     Load   Length Selector   Space Scale
C:\Users\migue\AppData\Local\Temp\xcAseeo.o
                end_init                              0        0        3        0       0
                config                             2007     2007        2        0       4
                idloc                              2000     2000        4        0       5
dist/default/production\proyectoDomotica.X.production.o
                cinit                               7C3      7C3       3D      F86       0
                config                             2007     2007        2        0       4
                idloc                              2000     2000        4        0       5
                text25                             1297     1297       36     252E       0
                text24                             11B1     11B1       10     2362       0
                text23                             1241     1241       2A     2482       0
                text22                             12CD     12CD       36     259A       0
                text21                             11F4     11F4       26     23E8       0
                text20                             126B     126B       2C     24D6       0
                text19                              B9B      B9B      1DD     1736       0
                text18                              D78      D78      288     1AF0       0
                text17                                6        6       50        C       0
                text16                             1436     1436       92     286C       0
                text15                             16FE     16FE      102     2DFC       0
                text14                              846      846      102     108C       0
                text13                             11A5     11A5        C     234A       0
                text12                             14C8     14C8       A2     2990       0
                text11                             156A     156A       BA     2AD4       0
                text10                             121A     121A       27     2434       0
                text9                                56       56      361       AC       0
                text8                              1624     1624       DA     2C48       0
                text7                              133D     133D       4E     267A       0
                text6                              13DA     13DA       5C     27B4       0
                text5                               A4B      A4B      150     1496       0
                text4                               802      802       44     1004       0
                text3                              1303     1303       3A     2606       0
                text2                               948      948      103     1290       0
                text1                              138B     138B       4F     2716       0
                maintext                            3B7      3B7      40C      76E       0
                cstackBANK0                          20       20       4F       20       1
                cstackCOMMON                         70       70        E       70       1
                cstackBANK1                          A0       A0       42       A0       1
                inittext                           11C1     11C1       13     2382       0
                dataBANK3                           190      190       20      190       1
                bssBANK3                            1B0      1B0        B      190       1
                dataBANK1                            ED       ED        2       A0       1
                bssBANK1                             E2       E2        B       A0       1
                bssBANK0                             6F       6F        1       20       1
                strings                            1000     1000       D2     2000       0
                idataBANK3                         11D4     11D4       20     23A8       0
                idataBANK1                            4        4        2        8       0

TOTAL           Name                               Link     Load   Length     Space
        CLASS   CODE           
                end_init                              0        0        3         0
                cinit                               7C3      7C3       3D         0
                text25                             1297     1297       36         0
                text24                             11B1     11B1       10         0
                text23                             1241     1241       2A         0
                text22                             12CD     12CD       36         0
                text21                             11F4     11F4       26         0
                text20                             126B     126B       2C         0
                text19                              B9B      B9B      1DD         0
                text18                              D78      D78      288         0
                text17                                6        6       50         0
                text16                             1436     1436       92         0
                text15                             16FE     16FE      102         0
                text14                              846      846      102         0
                text13                             11A5     11A5        C         0
                text12                             14C8     14C8       A2         0
                text11                             156A     156A       BA         0
                text10                             121A     121A       27         0
                text9                                56       56      361         0
                text8                              1624     1624       DA         0
                text7                              133D     133D       4E         0
                text6                              13DA     13DA       5C         0
                text5                               A4B      A4B      150         0
                text4                               802      802       44         0
                text3                              1303     1303       3A         0
                text2                               948      948      103         0
                text1                              138B     138B       4F         0
                maintext                            3B7      3B7      40C         0
                inittext                           11C1     11C1       13         0
                idataBANK3                         11D4     11D4       20         0
                idataBANK1                            4        4        2         0

        CLASS   STRCODE        

        CLASS   STRING         
                strings                            1000     1000       D2         0

        CLASS   CONST          

        CLASS   ENTRY          

        CLASS   COMMON         
                cstackCOMMON                         70       70        E         1

        CLASS   BANK0          
                cstackBANK0                          20       20       4F         1
                bssBANK0                             6F       6F        1         1

        CLASS   BANK1          
                cstackBANK1                          A0       A0       42         1
                dataBANK1                            ED       ED        2         1
                bssBANK1                             E2       E2        B         1

        CLASS   BANK2          

        CLASS   BANK3          
                dataBANK3                           190      190       20         1
                bssBANK3                            1B0      1B0        B         1

        CLASS   RAM            

        CLASS   ABS1           
                abs_s1                               7E       7E        2         1

        CLASS   SFR0           

        CLASS   SFR1           

        CLASS   SFR2           

        CLASS   SFR3           

        CLASS   CONFIG         
                config                             2007     2007        2         4

        CLASS   IDLOC          
                idloc                              2000     2000        4         5

        CLASS   EEDATA         

        CLASS   STACK          



SEGMENTS        Name                           Load    Length   Top    Selector   Space  Class     Delta

                reset_vec                      000000  000003  000003         0       0  CODE        2
                idataBANK1                     000004  000002  000006         8       0  CODE        2
                text17                         000006  000050  000056         C       0  CODE        2
                cstackBANK0                    000020  000050  000070        20       1  BANK0       1
                cstackCOMMON                   000070  00000E  00007E        70       1  COMMON      1
                cstackBANK1                    0000A0  00004F  0000EF        A0       1  BANK1       1
                text9                          000056  000361  0003B7        AC       0  CODE        2
                dataBANK3                      000190  00002B  0001BB       190       1  BANK3       1
                maintext                       0003B7  00040C  0007C3       76E       0  CODE        2
                cinit                          0007C3  00003D  000800       F86       0  CODE        2
                text4                          000802  000044  000846      1004       0  CODE        2
                text14                         000846  000102  000948      108C       0  CODE        2
                text2                          000948  000103  000A4B      1290       0  CODE        2
                text5                          000A4B  000150  000B9B      1496       0  CODE        2
                text19                         000B9B  0001DD  000D78      1736       0  CODE        2
                text18                         000D78  000288  001000      1AF0       0  CODE        2
                strings                        001000  0000D2  0010D2      2000       0  STRING      2
                text13                         0011A5  00000C  0011B1      234A       0  CODE        2
                text24                         0011B1  000010  0011C1      2362       0  CODE        2
                inittext                       0011C1  000013  0011D4      2382       0  CODE        2
                idataBANK3                     0011D4  000020  0011F4      23A8       0  CODE        2
                text21                         0011F4  000026  00121A      23E8       0  CODE        2
                text10                         00121A  000027  001241      2434       0  CODE        2
                text23                         001241  00002A  00126B      2482       0  CODE        2
                text20                         00126B  00002C  001297      24D6       0  CODE        2
                text25                         001297  000036  0012CD      252E       0  CODE        2
                text22                         0012CD  000036  001303      259A       0  CODE        2
                text3                          001303  00003A  00133D      2606       0  CODE        2
                text7                          00133D  00004E  00138B      267A       0  CODE        2
                text1                          00138B  00004F  0013DA      2716       0  CODE        2
                text6                          0013DA  00005C  001436      27B4       0  CODE        2
                text16                         001436  000092  0014C8      286C       0  CODE        2
                text12                         0014C8  0000A2  00156A      2990       0  CODE        2
                text11                         00156A  0000BA  001624      2AD4       0  CODE        2
                text8                          001624  0000DA  0016FE      2C48       0  CODE        2
                text15                         0016FE  000102  001800      2DFC       0  CODE        2


UNUSED ADDRESS RANGES

        Name                Unused          Largest block    Delta
        BANK1            00EF-00EF              1           1
        BANK2            0110-016F             60           1
        BANK3            01BB-01EF             35           1
        CODE             0003-0003              1           2
                         0800-0801              2
                         10D2-11A4             D3
                         1800-1FFF            800
        CONST            0003-0003              1           2
                         0800-0801              2
                         10D2-11A4             2E
                         1800-1FFF            100
        EEDATA           2100-21FF            100           2
        ENTRY            0003-0003              1           2
                         0800-0801              2
                         10D2-11A4             2E
                         1800-1FFF            100
        RAM              00EF-00EF              1           1
                         0110-016F             60
                         01BB-01EF             35
        SFR0             0000-001F             20           1
        SFR1             0080-009F             20           1
        SFR2             0100-010F             10           1
        SFR3             0180-018F             10           1
        STRCODE          0003-0003              1           2
                         0800-0801              2
                         10D2-11A4             D3
                         1800-1FFF            800
        STRING           0003-0003              1           2
                         0800-0801              2
                         10D2-11A4             2E
                         1800-1FFF            100

                                  Symbol Table

?__Umul8_16              cstackCOMMON 0070
?___fladd                cstackBANK0  0059
?___fldiv                cstackBANK0  003F
?___flmul                cstackBANK0  0025
?___flsub                cstackBANK1  00A0
?___fltol                cstackBANK1  00A8
?___lwdiv                cstackCOMMON 0070
?___lwmod                cstackCOMMON 0078
?___xxtofl               cstackCOMMON 0070
?_eval_poly              cstackBANK1  00A0
?_frexp                  cstackBANK0  0020
?_log                    cstackBANK1  00B0
?_sprintf                cstackBANK1  00B1
?_strncmp                cstackCOMMON 0070
LCD_Char@dat             cstackCOMMON 0072
LCD_Command@cmd          cstackCOMMON 0072
LCD_String@msg           cstackCOMMON 0073
LCD_String_xy@location   cstackCOMMON 0079
LCD_String_xy@msg        cstackCOMMON 0076
LCD_String_xy@pos        cstackCOMMON 0075
LCD_String_xy@row        cstackCOMMON 0078
_ADCON0bits              (abs)        001F
_ADCON1bits              (abs)        009F
_ADRESH                  (abs)        001E
_ADRESL                  (abs)        009E
_ANSEL                   (abs)        0188
_ANSELH                  (abs)        0189
_LCD_Char                text22       12CD
_LCD_Clear               text24       11B1
_LCD_Command             text25       1297
_LCD_Init                text23       1241
_LCD_String              text21       11F4
_LCD_String_xy           text20       126B
_OPTION_REGbits          (abs)        0081
_OSCCON                  (abs)        008F
_PORTA                   (abs)        0005
_PORTB                   (abs)        0006
_PORTCbits               (abs)        0007
_PORTD                   (abs)        0008
_PORTDbits               (abs)        0008
_TRISA                   (abs)        0085
_TRISA0                  (abs)        0428
_TRISA1                  (abs)        0429
_TRISA2                  (abs)        042A
_TRISA3                  (abs)        042B
_TRISB                   (abs)        0086
_TRISC                   (abs)        0087
_TRISC0                  (abs)        0438
_TRISC1                  (abs)        0439
_TRISC2                  (abs)        043A
_TRISC3                  (abs)        043B
_TRISC4                  (abs)        043C
_TRISC5                  (abs)        043D
_TRISC6                  (abs)        043E
_TRISD                   (abs)        0088
__Habs1                  abs1         0000
__Hbank0                 bank0        0000
__Hbank1                 bank1        0000
__Hbank2                 bank2        0000
__Hbank3                 bank3        0000
__HbssBANK0              bssBANK0     0000
__HbssBANK1              bssBANK1     0000
__HbssBANK3              bssBANK3     0000
__Hcinit                 cinit        0800
__Hclrtext               clrtext      0000
__Hcode                  code         0000
__Hcommon                common       0000
__Hconfig                config       2009
__HcstackBANK0           cstackBANK0  0000
__HcstackBANK1           cstackBANK1  0000
__HcstackCOMMON          cstackCOMMON 0000
__HdataBANK1             dataBANK1    0000
__HdataBANK3             dataBANK3    0000
__Heeprom_data           eeprom_data  0000
__Hend_init              end_init     0003
__Hfunctab               functab      0000
__HidataBANK1            idataBANK1   0000
__HidataBANK3            idataBANK3   0000
__Hidloc                 idloc        2004
__Hinit                  init         0000
__Hinittext              inittext     0000
__Hintentry              intentry     0000
__Hmaintext              maintext     0000
__Hpowerup               powerup      0000
__Hram                   ram          0000
__Hreset_vec             reset_vec    0000
__Hsfr0                  sfr0         0000
__Hsfr1                  sfr1         0000
__Hsfr2                  sfr2         0000
__Hsfr3                  sfr3         0000
__Hspace_0               (abs)        1800
__Hspace_1               (abs)        01BB
__Hspace_2               (abs)        0000
__Hspace_3               (abs)        0000
__Hspace_4               (abs)        4010
__Hstack                 stack        0000
__Hstrings               strings      0000
__Htext                  text         0000
__Labs1                  abs1         0000
__Lbank0                 bank0        0000
__Lbank1                 bank1        0000
__Lbank2                 bank2        0000
__Lbank3                 bank3        0000
__LbssBANK0              bssBANK0     0000
__LbssBANK1              bssBANK1     0000
__LbssBANK3              bssBANK3     0000
__Lcinit                 cinit        07C3
__Lclrtext               clrtext      0000
__Lcode                  code         0000
__Lcommon                common       0000
__Lconfig                config       0000
__LcstackBANK0           cstackBANK0  0000
__LcstackBANK1           cstackBANK1  0000
__LcstackCOMMON          cstackCOMMON 0000
__LdataBANK1             dataBANK1    0000
__LdataBANK3             dataBANK3    0000
__Leeprom_data           eeprom_data  0000
__Lend_init              end_init     0000
__Lfunctab               functab      0000
__LidataBANK1            idataBANK1   0000
__LidataBANK3            idataBANK3   0000
__Lidloc                 idloc        0000
__Linit                  init         0000
__Linittext              inittext     0000
__Lintentry              intentry     0000
__Lmaintext              maintext     0000
__Lpowerup               powerup      0000
__Lram                   ram          0000
__Lreset_vec             reset_vec    0000
__Lsfr0                  sfr0         0000
__Lsfr1                  sfr1         0000
__Lsfr2                  sfr2         0000
__Lsfr3                  sfr3         0000
__Lspace_0               (abs)        0000
__Lspace_1               (abs)        0000
__Lspace_2               (abs)        0000
__Lspace_3               (abs)        0000
__Lspace_4               (abs)        0000
__Lstack                 stack        0000
__Lstrings               strings      0000
__Ltext                  text         0000
__S0                     (abs)        1800
__S1                     (abs)        01BB
__S3                     (abs)        0000
__Umul8_16               text10       121A
__Umul8_16@multiplicand  cstackCOMMON 0070
__Umul8_16@multiplier    cstackCOMMON 0078
__Umul8_16@product       cstackCOMMON 0074
__Umul8_16@word_mpld     cstackCOMMON 0076
___fladd                 text18       0D78
___fladd@a               cstackBANK0  005D
___fladd@aexp            cstackBANK0  006A
___fladd@b               cstackBANK0  0059
___fladd@bexp            cstackBANK0  006B
___fladd@grs             cstackBANK0  006C
___fladd@signs           cstackBANK0  0069
___fldiv                 text19       0B9B
___fldiv@a               cstackBANK0  003F
___fldiv@aexp            cstackBANK0  0058
___fldiv@b               cstackBANK0  0043
___fldiv@bexp            cstackBANK0  0057
___fldiv@grs             cstackBANK0  0053
___fldiv@new_exp         cstackBANK0  0051
___fldiv@rem             cstackBANK0  004C
___fldiv@sign            cstackBANK0  0050
___fleq                  text7        133D
___fleq@ff1              cstackCOMMON 0070
___fleq@ff2              cstackCOMMON 0074
___flge                  text12       14C8
___flge@ff1              cstackCOMMON 0070
___flge@ff2              cstackCOMMON 0074
___flmul                 text9        0056
___flmul@a               cstackBANK0  0029
___flmul@aexp            cstackBANK0  0037
___flmul@b               cstackBANK0  0025
___flmul@bexp            cstackBANK0  0038
___flmul@grs             cstackBANK0  0033
___flmul@prod            cstackBANK0  0039
___flmul@sign            cstackBANK0  0032
___flmul@temp            cstackBANK0  003D
___flsub                 text17       0006
___flsub@a               cstackBANK1  00A0
___flsub@b               cstackBANK1  00A4
___fltol                 text16       1436
___fltol@exp1            cstackBANK0  006E
___fltol@f1              cstackBANK1  00A8
___fltol@sign1           cstackBANK0  006D
___int_sp                stack        0000
___latbits               (abs)        0002
___lwdiv                 text4        0802
___lwdiv@counter         cstackCOMMON 0077
___lwdiv@dividend        cstackCOMMON 0072
___lwdiv@divisor         cstackCOMMON 0070
___lwdiv@quotient        cstackCOMMON 0075
___lwmod                 text3        1303
___lwmod@counter         cstackCOMMON 007D
___lwmod@dividend        cstackCOMMON 007A
___lwmod@divisor         cstackCOMMON 0078
___sp                    stack        0000
___stackhi               (abs)        0000
___stacklo               (abs)        0000
___xxtofl                text11       156A
___xxtofl@arg            cstackCOMMON 007A
___xxtofl@exp            cstackCOMMON 0079
___xxtofl@sign           cstackCOMMON 0078
___xxtofl@val            cstackCOMMON 0070
__end_of_LCD_Char        text22       1303
__end_of_LCD_Clear       text24       11C1
__end_of_LCD_Command     text25       12CD
__end_of_LCD_Init        text23       126B
__end_of_LCD_String      text21       121A
__end_of_LCD_String_xy   text20       1297
__end_of__Umul8_16       text10       1241
__end_of___fladd         text18       1000
__end_of___fldiv         text19       0D78
__end_of___fleq          text7        138B
__end_of___flge          text12       156A
__end_of___flmul         text9        03B7
__end_of___flsub         text17       0056
__end_of___fltol         text16       14C8
__end_of___lwdiv         text4        0846
__end_of___lwmod         text3        133D
__end_of___xxtofl        text11       1624
__end_of__initialization cinit        07FC
__end_of__stringtab      strings      1010
__end_of_dpowers         strings      101A
__end_of_eval_poly       text8        16FE
__end_of_exitPassword    strings      1045
__end_of_frexp           text6        1436
__end_of_inputPassword   strings      1043
__end_of_keypad_getkey   text15       1800
__end_of_keypad_getkey2  text14       0948
__end_of_keypad_init     text13       11B1
__end_of_log             text5        0B9B
__end_of_main            maintext     07C3
__end_of_sprintf         text2        0A4B
__end_of_strncmp         text1        13DA
__end_oflog@coeff        strings      103E
__initialization         cinit        07C3
__pbssBANK0              bssBANK0     006F
__pbssBANK1              bssBANK1     00E2
__pbssBANK3              bssBANK3     01B0
__pcstackBANK0           cstackBANK0  0020
__pcstackBANK1           cstackBANK1  00A0
__pcstackCOMMON          cstackCOMMON 0070
__pdataBANK1             dataBANK1    00ED
__pdataBANK3             dataBANK3    0190
__pidataBANK1            idataBANK1   0004
__pidataBANK3            idataBANK3   11D4
__pmaintext              maintext     03B7
__pstrings               strings      1000
__ptext1                 text1        138B
__ptext10                text10       121A
__ptext11                text11       156A
__ptext12                text12       14C8
__ptext13                text13       11A5
__ptext14                text14       0846
__ptext15                text15       16FE
__ptext16                text16       1436
__ptext17                text17       0006
__ptext18                text18       0D78
__ptext19                text19       0B9B
__ptext2                 text2        0948
__ptext20                text20       126B
__ptext21                text21       11F4
__ptext22                text22       12CD
__ptext23                text23       1241
__ptext24                text24       11B1
__ptext25                text25       1297
__ptext3                 text3        1303
__ptext4                 text4        0802
__ptext5                 text5        0A4B
__ptext6                 text6        13DA
__ptext7                 text7        133D
__ptext8                 text8        1624
__ptext9                 text9        0056
__stringbase             strings      100F
__stringtab              strings      1000
_counter_try             bssBANK1     00E6
_dpowers                 strings      1010
_errno                   bssBANK3     01B4
_eval_poly               text8        1624
_exitPassword            strings      1043
_flag                    bssBANK1     00E2
_frexp                   text6        13DA
_idx                     bssBANK1     00EA
_idx2                    bssBANK1     00E9
_inputPassword           strings      103E
_key                     dataBANK1    00EE
_key2                    dataBANK1    00ED
_keypad_getkey           text15       16FE
_keypad_getkey2          text14       0846
_keypad_init             text13       11A5
_log                     text5        0A4B
_main                    maintext     03B7
_main$1032               cstackBANK1  00D6
_main$1033               cstackBANK1  00DA
_main$1034               cstackBANK1  00DE
_pass_user               bssBANK3     01B6
_pass_user2              bssBANK1     00EB
_sprintf                 text2        0948
_strncmp                 text1        138B
_temp                    bssBANK3     01B0
_value_adc               bssBANK1     00E4
btemp                    (abs)        007E
end_of_initialization    cinit        07FC
eval_poly@d              cstackBANK1  00A4
eval_poly@n              cstackBANK1  00A5
eval_poly@res            cstackBANK1  00AC
eval_poly@x              cstackBANK1  00A0
frexp@eptr               cstackBANK0  0024
frexp@value              cstackBANK0  0020
init_fetch0              inittext     11C1
init_ram0                inittext     11C5
intlevel0                functab      0000
intlevel1                functab      0000
intlevel2                functab      0000
intlevel3                functab      0000
intlevel4                functab      0000
intlevel5                functab      0000
keypad_getkey2@F1320     dataBANK3    0190
keypad_getkey2@i         cstackBANK0  0031
keypad_getkey2@letras    cstackBANK0  0020
keypad_getkey2@valor     cstackBANK0  0030
keypad_getkey@F1297      dataBANK3    01A0
keypad_getkey@i          cstackBANK0  0031
keypad_getkey@letras     cstackBANK0  0020
keypad_getkey@valor      cstackBANK0  0030
log@coeff                strings      101A
log@exponent             cstackBANK1  00B4
log@x                    cstackBANK1  00B0
main@Temperature         cstackBANK1  00C4
main@a                   cstackBANK1  00CE
main@tempC               cstackBANK1  00D2
reset_vec                reset_vec    0000
sprintf@ap               cstackBANK1  00BB
sprintf@c                cstackBANK1  00BF
sprintf@f                cstackBANK1  00B1
sprintf@flag             cstackBANK1  00B9
sprintf@prec             cstackBANK1  00BA
sprintf@sp               cstackBANK1  00BE
sprintf@val              cstackBANK1  00BC
start                    init         0000
start_initialization     cinit        07C3
strncmp@len              cstackCOMMON 0073
strncmp@s1               cstackCOMMON 0070
strncmp@s2               cstackCOMMON 0072
wtemp0                   (abs)        007E


MODULE INFORMATION

Module		Function		Class		Link	Load	Size
C:\Program Files\Microchip\xc8\v2.36\pic\sources\c90\common\doprnt.c
		_sprintf       		CODE           	0948	0000	259

C:\Program Files\Microchip\xc8\v2.36\pic\sources\c90\common\doprnt.c estimated size: 259

KEYPAD.c
		_keypad_init   		CODE           	11A5	0000	12
		_keypad_getkey 		CODE           	16FE	0000	258
		_keypad_getkey2		CODE           	0846	0000	258

KEYPAD.c estimated size: 528

C:\Program Files\Microchip\xc8\v2.36\pic\sources\c90\common\lwmod.c
		___lwmod       		CODE           	1303	0000	58

C:\Program Files\Microchip\xc8\v2.36\pic\sources\c90\common\lwmod.c estimated size: 58

C:\Program Files\Microchip\xc8\v2.36\pic\sources\c90\common\frexp.c
		_frexp         		CODE           	13DA	0000	92

C:\Program Files\Microchip\xc8\v2.36\pic\sources\c90\common\frexp.c estimated size: 92

C:\Program Files\Microchip\xc8\v2.36\pic\sources\c90\common\fleq.c
		___fleq        		CODE           	133D	0000	78

C:\Program Files\Microchip\xc8\v2.36\pic\sources\c90\common\fleq.c estimated size: 78

C:\Program Files\Microchip\xc8\v2.36\pic\sources\c90\common\strncmp.c
		_strncmp       		CODE           	138B	0000	79

C:\Program Files\Microchip\xc8\v2.36\pic\sources\c90\common\strncmp.c estimated size: 79

C:\Program Files\Microchip\xc8\v2.36\pic\sources\c90\common\lwdiv.c
		___lwdiv       		CODE           	0802	0000	68

C:\Program Files\Microchip\xc8\v2.36\pic\sources\c90\common\lwdiv.c estimated size: 68

C:\Program Files\Microchip\xc8\v2.36\pic\sources\c90\common\sprcmul.c
		___flmul       		CODE           	0056	0000	865

C:\Program Files\Microchip\xc8\v2.36\pic\sources\c90\common\sprcmul.c estimated size: 865

C:\Program Files\Microchip\xc8\v2.36\pic\sources\c90\common\fltol.c
		___fltol       		CODE           	1436	0000	146

C:\Program Files\Microchip\xc8\v2.36\pic\sources\c90\common\fltol.c estimated size: 146

C:\Program Files\Microchip\xc8\v2.36\pic\sources\c90\common\sprcdiv.c
		___fldiv       		CODE           	0B9B	0000	477

C:\Program Files\Microchip\xc8\v2.36\pic\sources\c90\common\sprcdiv.c estimated size: 477

shared
		__stringtab    		STRING         	1000	0000	16
		_dpowers       		STRING         	1010	0000	10
		__initialization		CODE           	07C3	0000	57
		_exitPassword  		STRING         	1043	0000	2
		_inputPassword 		STRING         	103E	0000	5
		log@coeff      		STRING         	101A	0000	36

shared estimated size: 126

C:\Program Files\Microchip\xc8\v2.36\pic\sources\c90\common\evalpoly.c
		_eval_poly     		CODE           	1624	0000	218

C:\Program Files\Microchip\xc8\v2.36\pic\sources\c90\common\evalpoly.c estimated size: 218

C:\Program Files\Microchip\xc8\v2.36\pic\sources\c90\common\xxtofl.c
		___xxtofl      		CODE           	156A	0000	186

C:\Program Files\Microchip\xc8\v2.36\pic\sources\c90\common\xxtofl.c estimated size: 186

C:\Program Files\Microchip\xc8\v2.36\pic\sources\c90\common\sprcadd.c
		___flsub       		CODE           	0006	0000	80
		___fladd       		CODE           	0D78	0000	648

C:\Program Files\Microchip\xc8\v2.36\pic\sources\c90\common\sprcadd.c estimated size: 728

main.c
		_main          		CODE           	03B7	0000	1036

main.c estimated size: 1036

C:\Program Files\Microchip\xc8\v2.36\pic\sources\c90\common\flge.c
		___flge        		CODE           	14C8	0000	162

C:\Program Files\Microchip\xc8\v2.36\pic\sources\c90\common\flge.c estimated size: 162

C:\Program Files\Microchip\xc8\v2.36\pic\sources\c90\common\log.c
		_log           		CODE           	0A4B	0000	336

C:\Program Files\Microchip\xc8\v2.36\pic\sources\c90\common\log.c estimated size: 336

C:\Program Files\Microchip\xc8\v2.36\pic\sources\c90\common\Umul8_16.c
		__Umul8_16     		CODE           	121A	0000	39

C:\Program Files\Microchip\xc8\v2.36\pic\sources\c90\common\Umul8_16.c estimated size: 39

LCD.c
		_LCD_String    		CODE           	11F4	0000	38
		_LCD_Init      		CODE           	1241	0000	42
		_LCD_Command   		CODE           	1297	0000	54
		_LCD_String_xy 		CODE           	126B	0000	44
		_LCD_Char      		CODE           	12CD	0000	54
		_LCD_Clear     		CODE           	11B1	0000	16

LCD.c estimated size: 248

